app/review/page.tsx(1390,33): error TS2322: Type 'string | null | undefined' is not assignable to type 'string | undefined'.
  Type 'null' is not assignable to type 'string | undefined'.
app/review/page.tsx(1655,9): error TS2322: Type '{ ja: string; ja_annotated?: string | undefined; en?: string | null | undefined; id?: string | null | undefined; } | null' is not assignable to type 'PracticeSentence | null'.
  Type '{ ja: string; ja_annotated?: string | undefined; en?: string | null | undefined; id?: string | null | undefined; }' is not assignable to type 'PracticeSentence'.
    Types of property 'id' are incompatible.
      Type 'string | null | undefined' is not assignable to type 'string | undefined'.
        Type 'null' is not assignable to type 'string | undefined'.
app/review/page.tsx(1669,9): error TS2322: Type 'RefObject<HTMLInputElement | null>' is not assignable to type 'RefObject<HTMLInputElement>'.
  Type 'HTMLInputElement | null' is not assignable to type 'HTMLInputElement'.
    Type 'null' is not assignable to type 'HTMLInputElement'.
